C51 COMPILER V9.60.7.0   DRIVER                                                            09/21/2026 17:11:31 PAGE 1   


C51 COMPILER V9.60.7.0, COMPILATION OF MODULE DRIVER
OBJECT MODULE PLACED IN .\Output\DRIVER.obj
COMPILER INVOKED BY: D:\Software\keil\C51\BIN\C51.EXE ..\User\source\Hardware\DRIVER.c LARGE OMF2 OPTIMIZE(8,SPEED) BROW
                    -SE INCDIR(..\User\include;..\FU68xx_Hardware_Driver\Include) DEBUG PRINT(.\Listings\DRIVER.lst) TABS(2) OBJECT(.\Output\
                    -DRIVER.obj)

line level    source

   1          /**
   2           * @copyright (C) COPYRIGHT 2022 Fortiortech Shenzhen
   3           * @file      xxx.c
   4           * @author    Fortiortech  Appliction Team
   5           * @since     Create:2022-08-05
   6           * @date      Last modify:2022-08-05
   7           * @note      Last modify author is Leo.li
   8           * @brief
   9           */
  10          
  11          #include <definition.h>
  12          #include <Customer.h>
  13          #include <Parameter.h>
  14          #include <Driver.h>
  15          
  16          
  17          
  18          /** 
  19           * @brief        Derier输出配置初始化
  20           * @date         2022-09-13
  21           */
  22          void Driver_Init(void)
  23          {
  24   1          DRV_ARR = PWM_VALUE_LOAD-1 ;      // 载波频率的周期值
  25   1          DRV_DTR = PWM_LOAD_DEADTIME;  // 死区时间
  26   1          DRV_DR  = 0;
  27   1          DRV_CMR = 0x0ABF;               // UH/VH/WH UL/VL/WL 互补
  28   1          DRV_OUT = 0x00;                 // 空闲电平，默认高电平有效
  29   1      
  30   1        /*驱动有效电平和空闲电平*/
  31   1        #if (PWM_LEVEL_MODE == HIGH_LEVEL)
  32   1        {
  33   2              ClrBit(PI_CR , HINV);      // 反相关闭
  34   2              ClrBit(PI_CR , LINV);      // 反相关闭
  35   2        }
  36   1        #elif (PWM_LEVEL_MODE == LOW_LEVEL)
                {
                      SetBit(PI_CR , HINV);  // 反相打开
                      SetBit(PI_CR , LINV);  // 反相打开
                }
                #elif (PWM_LEVEL_MODE == UP_H_DOWN_L)
                {
                      ClrBit(PI_CR , HINV);  // 反相关闭
                      SetBit(PI_CR , LINV);  // 反相打开
                }
                #elif (PWM_LEVEL_MODE == UP_L_DOWN_H)
                {
                      SetBit(PI_CR , HINV);  // 反相打开
                      ClrBit(PI_CR , LINV);  // 反相关闭
                }
                #endif //end PWM_Level_Mode   
  52   1              
  53   1          ClrBit(DRV_SR , FGIE);  //FG中断使能      0-->Disable   1-->Enable
C51 COMPILER V9.60.7.0   DRIVER                                                            09/21/2026 17:11:31 PAGE 2   

  54   1      
  55   1          /*清中断标志位，使能中断，配置比较值，设置中断优先级*/
  56   1          ClrBit(DRV_SR , DCIF);  //清除DRV中断标志位
  57   1          /**************************************************
  58   1          DRV比较匹配中断模式
  59   1          当计数值等于DRV_COMR时，根据DCIM的设置判断是否产生中断标记
  60   1          00：不产生中断        01：上升方向
  61   1          10：下降方向          11：上升/下降方向
  62   1          *************************************************/
  63   1          SetBit(DRV_SR , DCIM1);
  64   1          ClrBit(DRV_SR , DCIM0);
  65   1      
  66   1          /*设置DRV计数器的比较匹配值，当DRV计数值与COMR相等时，根据DRV_SR寄存器的DCI
             -M是否产生比较匹配事件*/
  67   1          DRV_COMR = (PWM_VALUE_LOAD >> 3);
  68   1      
  69   1          ClrBit(IP0, PDRV1);  //中断优先级设置为1，优先级低于FO硬件过流
  70   1          SetBit(IP0, PDRV0);
  71   1          #if (Open_Start_Mode == Squ_Start)
                  {
                       SetBit(DRV_SR , DCIP); //0-->1个计数周期产生中断  1-->2个计数周期产生中断
                  }
                  #else
  76   1          {
  77   2               ClrBit(DRV_SR , DCIP); //0-->1个计数周期产生中断  1-->2个计数周期产生中断
  78   2          }
  79   1          #endif
  80   1      
  81   1          ClrBit(DRV_CR , FOCEN);
  82   1          /*MESEL为0，ME模块工作在BLDC模式
  83   1          MESEL为1，ME模块工作在FOC/SVPWM/SPWM模式*/
  84   1          SetBit(DRV_CR , MESEL);
  85   1      
  86   1          SetBit(DRV_CR , DRVEN); // 计数器使能    0-->Disable 1-->Enable
  87   1          ClrBit(DRV_CR , DRPE);  // 计数器比较值预装载使能 0-->Disable            1-->Enable
  88   1          SetBit(DRV_CR , DRVOE); // Driver输出使能0-->Disable    1-->Enable
  89   1      
  90   1        SetBit(CCFG2, VBB_VSEL);  //VBB_LDO设置 0：10V 1：12V
  91   1        ClrBit(CCFG1, VBB_DIS);  //VBB_LDO使能输出后需要延时等待1ms以上
  92   1      }


MODULE INFORMATION:   STATIC OVERLAYABLE
   CODE SIZE        =    116    ----
   CONSTANT SIZE    =   ----    ----
   XDATA SIZE       =   ----    ----
   PDATA SIZE       =   ----    ----
   DATA SIZE        =   ----    ----
   IDATA SIZE       =   ----    ----
   BIT SIZE         =   ----    ----
   EDATA SIZE       =   ----    ----
   HDATA SIZE       =   ----    ----
   XDATA CONST SIZE =   ----    ----
   FAR CONST SIZE   =   ----    ----
END OF MODULE INFORMATION.


C51 COMPILATION COMPLETE.  0 WARNING(S),  0 ERROR(S)
